41db7ffaf1e3767c35ac25af
a472adc1444d4817f054bf211fbcd8f45ff26424
69cf8b9268274aff90aacddcd864e4f1673c3d1af2668b9a50
858774b8da94535da32b1e49872c324584383eba1b55356cae80bda3b8039894d326b8d8b4ef38d4431b0a0d4b1eed7842d2f577798bfc781e81ffec8fe6d367197966481d31e5ebf63b7dab2a4252f32ab6b8582ab6801c18b0033dc098edbfa4bf1a06b7001bac3a028e079507fd2d713099f63f71c59b18eaaddef9b3f687443cf8050e981cd5b4174ef0834fde470344117a75b544c6e4e6a8fa3d83555b3eb3d27e8dd22ef8557b2f482e63f8228000998c15df1f00ef3be9cb1c59bb82a355caccb712c85188bfc9e37997fc0605ca6551a0d06f4cc3f741c919ca575abf1813483fe1a94777ab4c726217b094a9c8dd9188855a7c4a847ba10c0002f743b88c3db8cd559cb8a3177cc41054f5316370d57571eafe1aee48184e626216ff10fb47307feed6c2e4e9932321783d2056e8a2a0e44f3d30f3a1786306c4dc25a38a7c82d4a1c950c6297afe346b21ad7d48035d1fc094bfafc5fc01dd54acad0de6c8b5c8de05d6149f1b08acc94f4ecbe98937d5d4c8650f736c1a07061d86d87b6317b32cc30b245b0f4d5186525524c4a249d3b5d1b23e34cfdd5801649689361e938f37d312b1aea55e88b5152e57c910e6413fde8c29aea6042d7992a6d74f402f7af68ffdf4a88c95a5558a5e4eafd4d4bc55a795f0df0895fc489efb6f56a5e33315b31157d03aae312b1c0a1b4676ecb81ce813fa6f2b83183d19
